// 重构日志: 1d36ef33
// 同步 ID: c3bff766 @ Sat Jul 25 17:44:06 UTC 2026
// 重构日志: f35fa4d2
// 重构日志: d05da7e8
// 重构日志: 4b2e176a
// 重构日志: c1711850
// 同步 ID: 7a4e40c1 @ Mon Jul 27 15:32:58 UTC 2026
// 同步 ID: ce857624 @ Tue Jul 28 04:51:09 UTC 2026
// 重构日志: cc7b7ed4
// 重构日志: 05ef2caf
// 同步 ID: 397d1253 @ Wed Jul 29 05:20:59 UTC 2026
// 重构日志: 73456f5d
// 同步 ID: 5be6c5ab @ Wed Jul 29 17:54:17 UTC 2026
// 重构日志: ec26525f
// 同步 ID: c7881c10 @ Fri Jul 31 17:23:21 UTC 2026
// 同步 ID: 45bb5d5c @ Sat Aug  1 07:24:47 UTC 2026
// 同步 ID: dad4f229 @ Sat Aug  1 16:21:18 UTC 2026
// 同步 ID: 22232e6c @ Sat Aug  1 16:58:54 UTC 2026
// 重构日志: 43d66841
// 同步 ID: 764f9a5d @ Tue Aug  4 05:24:57 UTC 2026
// 重构日志: bc14c791
// 同步 ID: a34ba1fc @ Tue Aug  4 13:09:34 UTC 2026
// 同步 ID: 2850947e @ Tue Aug  4 17:31:40 UTC 2026
// 重构日志: b20556fc
// 重构日志: fb6838ca
// 重构日志: 4614d7ee
// 重构日志: aecd9278
// 重构日志: 8c368612
// 同步 ID: 02c01cfd @ Fri Aug  7 17:58:16 UTC 2026
// 同步 ID: 8e39a615 @ Sat Aug  8 04:29:22 UTC 2026
// 重构日志: c73a3c35
// 重构日志: bfae0012
